Archive member included to satisfy reference by file (symbol)

c:/devkitPro/libgba/lib\libgba.a(interrupt.o)
                              console.o (irqInit)
c:/devkitPro/libgba/lib\libgba.a(InterruptDispatcher.o)
                              c:/devkitPro/libgba/lib\libgba.a(interrupt.o) (IntrMain)
c:/devkitpro/devkitarm/bin/../lib/gcc/arm-none-eabi/7.1.0/thumb\libgcc.a(_udivsi3.o)
                              console.o (__aeabi_uidiv)
c:/devkitpro/devkitarm/bin/../lib/gcc/arm-none-eabi/7.1.0/thumb\libgcc.a(_divsi3.o)
                              console.o (__aeabi_idiv)
c:/devkitpro/devkitarm/bin/../lib/gcc/arm-none-eabi/7.1.0/thumb\libgcc.a(_dvmd_tls.o)
                              c:/devkitpro/devkitarm/bin/../lib/gcc/arm-none-eabi/7.1.0/thumb\libgcc.a(_udivsi3.o) (__aeabi_idiv0)
c:/devkitpro/devkitarm/bin/../lib/gcc/arm-none-eabi/7.1.0/../../../../arm-none-eabi/lib/thumb\libg.a(lib_a-init.o)
                              c:/devkitpro/devkitarm/bin/../lib/gcc/arm-none-eabi/7.1.0/../../../../arm-none-eabi/lib/thumb/gba_crt0.o (__libc_init_array)
c:/devkitpro/devkitarm/bin/../lib/gcc/arm-none-eabi/7.1.0/../../../../arm-none-eabi/lib/thumb\libg.a(lib_a-memcpy-stub.o)
                              console.o (memcpy)
c:/devkitpro/devkitarm/bin/../lib/gcc/arm-none-eabi/7.1.0/../../../../arm-none-eabi/lib/thumb\libg.a(lib_a-memset.o)
                              console.o (memset)
c:/devkitpro/devkitarm/bin/../lib/gcc/arm-none-eabi/7.1.0/../../../../arm-none-eabi/lib/thumb\libsysbase.a(malloc_vars.o)
                              c:/devkitpro/devkitarm/bin/../lib/gcc/arm-none-eabi/7.1.0/../../../../arm-none-eabi/lib/thumb/gba_crt0.o (fake_heap_end)

Allocating common symbols
Common symbol       size              file

tempy               0x2               console.o
lastFrame           0x4               console.o
xStepA              0x2               console.o
lighting            0x8               console.o
triCount            0x2               console.o
currentBufNum       0x1               console.o
IntrTable           0x78              c:/devkitPro/libgba/lib\libgba.a(interrupt.o)
currentTri          0x4               console.o
minRow              0x1               console.o
maxCollumn          0x1               console.o
trique              0x2000            console.o
activeFrameBuffer   0x1               console.o
drawColor           0x1               console.o
curBuf              0x4               console.o
minCollumn          0x1               console.o
collumn             0x1               console.o
drawHolder          0x2               console.o
orderQue            0x400             console.o
meta                0x4               console.o
frameTimes          0x40              console.o
vectorBuffer        0x800             console.o
holder              0x2               console.o
useless             0x2               console.o
start               0x4               console.o
fps                 0x4               console.o
xStepB              0x2               console.o
frames              0x4               console.o
currentMatrix       0x20              math.o
maxRow              0x1               console.o
normalBuffer        0x800             console.o
row                 0x1               console.o

Discarded input sections

 .text          0x00000000        0x0 c:/devkitpro/devkitarm/bin/../lib/gcc/arm-none-eabi/7.1.0/../../../../arm-none-eabi/lib/thumb/gba_crt0.o
 .data          0x00000000        0x0 c:/devkitpro/devkitarm/bin/../lib/gcc/arm-none-eabi/7.1.0/../../../../arm-none-eabi/lib/thumb/gba_crt0.o
 .bss           0x00000000        0x0 c:/devkitpro/devkitarm/bin/../lib/gcc/arm-none-eabi/7.1.0/../../../../arm-none-eabi/lib/thumb/gba_crt0.o
 .text          0x00000000        0x0 c:/devkitpro/devkitarm/bin/../lib/gcc/arm-none-eabi/7.1.0/thumb/crti.o
 .data          0x00000000        0x0 c:/devkitpro/devkitarm/bin/../lib/gcc/arm-none-eabi/7.1.0/thumb/crti.o
 .bss           0x00000000        0x0 c:/devkitpro/devkitarm/bin/../lib/gcc/arm-none-eabi/7.1.0/thumb/crti.o
 .text          0x00000000        0x0 c:/devkitpro/devkitarm/bin/../lib/gcc/arm-none-eabi/7.1.0/thumb/crtbegin.o
 .data          0x00000000        0x0 c:/devkitpro/devkitarm/bin/../lib/gcc/arm-none-eabi/7.1.0/thumb/crtbegin.o
 .bss           0x00000000        0x0 c:/devkitpro/devkitarm/bin/../lib/gcc/arm-none-eabi/7.1.0/thumb/crtbegin.o
 .data.__dso_handle
                0x00000000        0x4 c:/devkitpro/devkitarm/bin/../lib/gcc/arm-none-eabi/7.1.0/thumb/crtbegin.o
 .data          0x00000000       0x1a console.o
 .data          0x00000000        0x0 math.o
 .bss           0x00000000        0x0 math.o
 .data          0x00000000        0x0 c:/devkitPro/libgba/lib\libgba.a(interrupt.o)
 .bss           0x00000000        0x0 c:/devkitPro/libgba/lib\libgba.a(interrupt.o)
 .text          0x00000000        0x0 c:/devkitPro/libgba/lib\libgba.a(InterruptDispatcher.o)
 .data          0x00000000        0x0 c:/devkitPro/libgba/lib\libgba.a(InterruptDispatcher.o)
 .bss           0x00000000        0x0 c:/devkitPro/libgba/lib\libgba.a(InterruptDispatcher.o)
 .data          0x00000000        0x0 c:/devkitpro/devkitarm/bin/../lib/gcc/arm-none-eabi/7.1.0/thumb\libgcc.a(_udivsi3.o)
 .bss           0x00000000        0x0 c:/devkitpro/devkitarm/bin/../lib/gcc/arm-none-eabi/7.1.0/thumb\libgcc.a(_udivsi3.o)
 .data          0x00000000        0x0 c:/devkitpro/devkitarm/bin/../lib/gcc/arm-none-eabi/7.1.0/thumb\libgcc.a(_divsi3.o)
 .bss           0x00000000        0x0 c:/devkitpro/devkitarm/bin/../lib/gcc/arm-none-eabi/7.1.0/thumb\libgcc.a(_divsi3.o)
 .data          0x00000000        0x0 c:/devkitpro/devkitarm/bin/../lib/gcc/arm-none-eabi/7.1.0/thumb\libgcc.a(_dvmd_tls.o)
 .bss           0x00000000        0x0 c:/devkitpro/devkitarm/bin/../lib/gcc/arm-none-eabi/7.1.0/thumb\libgcc.a(_dvmd_tls.o)
 .text          0x00000000        0x0 c:/devkitpro/devkitarm/bin/../lib/gcc/arm-none-eabi/7.1.0/../../../../arm-none-eabi/lib/thumb\libg.a(lib_a-init.o)
 .data          0x00000000        0x0 c:/devkitpro/devkitarm/bin/../lib/gcc/arm-none-eabi/7.1.0/../../../../arm-none-eabi/lib/thumb\libg.a(lib_a-init.o)
 .bss           0x00000000        0x0 c:/devkitpro/devkitarm/bin/../lib/gcc/arm-none-eabi/7.1.0/../../../../arm-none-eabi/lib/thumb\libg.a(lib_a-init.o)
 .text          0x00000000        0x0 c:/devkitpro/devkitarm/bin/../lib/gcc/arm-none-eabi/7.1.0/../../../../arm-none-eabi/lib/thumb\libg.a(lib_a-memcpy-stub.o)
 .data          0x00000000        0x0 c:/devkitpro/devkitarm/bin/../lib/gcc/arm-none-eabi/7.1.0/../../../../arm-none-eabi/lib/thumb\libg.a(lib_a-memcpy-stub.o)
 .bss           0x00000000        0x0 c:/devkitpro/devkitarm/bin/../lib/gcc/arm-none-eabi/7.1.0/../../../../arm-none-eabi/lib/thumb\libg.a(lib_a-memcpy-stub.o)
 .text          0x00000000        0x0 c:/devkitpro/devkitarm/bin/../lib/gcc/arm-none-eabi/7.1.0/../../../../arm-none-eabi/lib/thumb\libg.a(lib_a-memset.o)
 .data          0x00000000        0x0 c:/devkitpro/devkitarm/bin/../lib/gcc/arm-none-eabi/7.1.0/../../../../arm-none-eabi/lib/thumb\libg.a(lib_a-memset.o)
 .bss           0x00000000        0x0 c:/devkitpro/devkitarm/bin/../lib/gcc/arm-none-eabi/7.1.0/../../../../arm-none-eabi/lib/thumb\libg.a(lib_a-memset.o)
 .text          0x00000000        0x0 c:/devkitpro/devkitarm/bin/../lib/gcc/arm-none-eabi/7.1.0/../../../../arm-none-eabi/lib/thumb\libsysbase.a(malloc_vars.o)
 .data          0x00000000        0x0 c:/devkitpro/devkitarm/bin/../lib/gcc/arm-none-eabi/7.1.0/../../../../arm-none-eabi/lib/thumb\libsysbase.a(malloc_vars.o)
 .bss           0x00000000        0x0 c:/devkitpro/devkitarm/bin/../lib/gcc/arm-none-eabi/7.1.0/../../../../arm-none-eabi/lib/thumb\libsysbase.a(malloc_vars.o)
 .bss.fake_heap_start
                0x00000000        0x4 c:/devkitpro/devkitarm/bin/../lib/gcc/arm-none-eabi/7.1.0/../../../../arm-none-eabi/lib/thumb\libsysbase.a(malloc_vars.o)
 .text          0x00000000        0x0 c:/devkitpro/devkitarm/bin/../lib/gcc/arm-none-eabi/7.1.0/thumb/crtend.o
 .data          0x00000000        0x0 c:/devkitpro/devkitarm/bin/../lib/gcc/arm-none-eabi/7.1.0/thumb/crtend.o
 .bss           0x00000000        0x0 c:/devkitpro/devkitarm/bin/../lib/gcc/arm-none-eabi/7.1.0/thumb/crtend.o
 .text          0x00000000        0x0 c:/devkitpro/devkitarm/bin/../lib/gcc/arm-none-eabi/7.1.0/thumb/crtn.o
 .data          0x00000000        0x0 c:/devkitpro/devkitarm/bin/../lib/gcc/arm-none-eabi/7.1.0/thumb/crtn.o
 .bss           0x00000000        0x0 c:/devkitpro/devkitarm/bin/../lib/gcc/arm-none-eabi/7.1.0/thumb/crtn.o

Memory Configuration

Name             Origin             Length             Attributes
rom              0x08000000         0x02000000
iwram            0x03000000         0x00008000
ewram            0x02000000         0x00040000
*default*        0x00000000         0xffffffff

Linker script and memory map

                0x08000000                __text_start = ORIGIN (rom)
                0x02040000                __eheap_end = (ORIGIN (ewram) + LENGTH (ewram))
                0x03000000                __iwram_start = ORIGIN (iwram)
                0x03008000                __iwram_top = (ORIGIN (iwram) + LENGTH (iwram))
                0x03007fa0                __sp_irq = (__iwram_top - 0x60)
                0x03007f00                __sp_usr = (__sp_irq - 0xa0)
                0x03007ff8                __irq_flags = 0x3007ff8
                0x08000000                . = __text_start

.crt0           0x08000000      0x210
 *(.crt0)
 .crt0          0x08000000      0x210 c:/devkitpro/devkitarm/bin/../lib/gcc/arm-none-eabi/7.1.0/../../../../arm-none-eabi/lib/thumb/gba_crt0.o
                0x08000000                _start
                0x080000c4                __boot_method
                0x080000c5                __slave_number
                0x080000e0                start_vector
                0x08000210                . = ALIGN (0x4)

.init           0x08000210        0xc
 *(SORT(.init))
 .init          0x08000210        0x4 c:/devkitpro/devkitarm/bin/../lib/gcc/arm-none-eabi/7.1.0/thumb/crti.o
                0x08000210                _init
 .init          0x08000214        0x8 c:/devkitpro/devkitarm/bin/../lib/gcc/arm-none-eabi/7.1.0/thumb/crtn.o

.plt            0x0800021c        0x0
 *(.plt)
                0x0800021c                . = ALIGN (0x4)

.text           0x08000220     0x3108
 *(EXCLUDE_FILE(*.iwram*) .text)
 .text          0x08000220     0x1b44 console.o
                0x08000220                irqCustom
                0x08000230                resetQue
                0x0800024c                initGFX
                0x080003e0                setRect
                0x0800076c                swapBuffers
                0x080007b0                recursiveDrawQuad
                0x08000a98                recursiveDrawTriangle
                0x08000d2c                drawTriangle
                0x08001cf4                drawTime
 .text          0x08001d64      0xa24 math.o
                0x08001d64                identityQuat
                0x08001d74                multiplyQuat
                0x08001eac                quatFromAngles
                0x08002034                translateMatrix
                0x08002054                translateTo
                0x08002064                rotateMatrix
                0x0800206c                eulerRotationMatrix
                0x0800236c                multiplyMatrices
                0x08002774                perspectiveMatrix
 .text          0x08002788      0x3bc c:/devkitPro/libgba/lib\libgba.a(interrupt.o)
                0x08002788                dummy
                0x0800278c                InitInterrupt
                0x080027e8                irqInit
                0x08002844                SetInterrupt
                0x08002928                irqSet
                0x08002a0c                EnableInterrupt
                0x08002a58                irqEnable
                0x08002aac                DisableInterrupt
                0x08002af8                irqDisable
 .text          0x08002b44      0x11c c:/devkitpro/devkitarm/bin/../lib/gcc/arm-none-eabi/7.1.0/thumb\libgcc.a(_udivsi3.o)
                0x08002b44                __aeabi_uidiv
                0x08002b44                __udivsi3
                0x08002c40                __aeabi_uidivmod
 .text          0x08002c60      0x150 c:/devkitpro/devkitarm/bin/../lib/gcc/arm-none-eabi/7.1.0/thumb\libgcc.a(_divsi3.o)
                0x08002c60                __divsi3
                0x08002c60                __aeabi_idiv
                0x08002d90                __aeabi_idivmod
 .text          0x08002db0        0x4 c:/devkitpro/devkitarm/bin/../lib/gcc/arm-none-eabi/7.1.0/thumb\libgcc.a(_dvmd_tls.o)
                0x08002db0                __aeabi_idiv0
                0x08002db0                __aeabi_ldiv0
 *(.text .stub .text.* .gnu.linkonce.t.*)
 .text.deregister_tm_clones
                0x08002db4       0x2c c:/devkitpro/devkitarm/bin/../lib/gcc/arm-none-eabi/7.1.0/thumb/crtbegin.o
 .text.register_tm_clones
                0x08002de0       0x34 c:/devkitpro/devkitarm/bin/../lib/gcc/arm-none-eabi/7.1.0/thumb/crtbegin.o
 .text.__do_global_dtors_aux
                0x08002e14       0x30 c:/devkitpro/devkitarm/bin/../lib/gcc/arm-none-eabi/7.1.0/thumb/crtbegin.o
 .text.frame_dummy
                0x08002e44       0x28 c:/devkitpro/devkitarm/bin/../lib/gcc/arm-none-eabi/7.1.0/thumb/crtbegin.o
 .text.startup  0x08002e6c      0x2b4 console.o
                0x08002e6c                main
 .text.__libc_init_array
                0x08003120       0x54 c:/devkitpro/devkitarm/bin/../lib/gcc/arm-none-eabi/7.1.0/../../../../arm-none-eabi/lib/thumb\libg.a(lib_a-init.o)
                0x08003120                __libc_init_array
 .text.memcpy   0x08003174       0x8c c:/devkitpro/devkitarm/bin/../lib/gcc/arm-none-eabi/7.1.0/../../../../arm-none-eabi/lib/thumb\libg.a(lib_a-memcpy-stub.o)
                0x08003174                memcpy
 .text.memset   0x08003200       0xa4 c:/devkitpro/devkitarm/bin/../lib/gcc/arm-none-eabi/7.1.0/../../../../arm-none-eabi/lib/thumb\libg.a(lib_a-memset.o)
                0x08003200                memset
 *fill*         0x080032a4        0x4 ff
 .text.memset.__stub
                0x080032a8       0x7c linker stubs
 *(.text.*personality*)
 *(.gnu.warning)
 *(.glue_7t)
 .glue_7t       0x08003328        0x0 linker stubs
 *(.glue_7)
 .glue_7        0x08003328        0x0 linker stubs
 *(.vfp11_veneer)
 .vfp11_veneer  0x08003328        0x0 linker stubs
                0x08003328                . = ALIGN (0x4)
                0x08003328                __text_end = .

.v4_bx          0x08003328        0x0
 .v4_bx         0x08003328        0x0 linker stubs

.iplt           0x08003328        0x0
 .iplt          0x08003328        0x0 c:/devkitpro/devkitarm/bin/../lib/gcc/arm-none-eabi/7.1.0/../../../../arm-none-eabi/lib/thumb/gba_crt0.o

.fini           0x08003328        0xc
 *(.fini)
 .fini          0x08003328        0x4 c:/devkitpro/devkitarm/bin/../lib/gcc/arm-none-eabi/7.1.0/thumb/crti.o
                0x08003328                _fini
 .fini          0x0800332c        0x8 c:/devkitpro/devkitarm/bin/../lib/gcc/arm-none-eabi/7.1.0/thumb/crtn.o
                0x08003334                . = ALIGN (0x4)

.rodata         0x08003334      0x71c
 *(.rodata)
 .rodata        0x08003334      0x514 console.o
                0x08003334                defualtColors
                0x08003368                defualtNormals
                0x080034f0                defualtTriangles
                0x08003584                defualtVerts
                0x0800363c                defualtvertCount
                0x0800363d                defualttriCount
                0x08003640                cubeVerts
                0x08003668                pallette
 .rodata        0x08003848      0x208 math.o
                0x08003848                identityQuaternion
                0x08003850                sinTable
 *all.rodata*(*)
 *(.roda)
 *(.rodata.*)
 *(.gnu.linkonce.r*)
                0x08003a50                . = ALIGN (0x4)

.ARM.extab
 *(.ARM.extab* .gnu.linkonce.armextab.*)
                0x08003a50                __exidx_start = .

.ARM.exidx
 *(.ARM.exidx* .gnu.linkonce.armexidx.*)
                0x08003a50                __exidx_end = .

.ctors          0x08003a50        0x0
 *crtbegin.o(.ctors)
 *(EXCLUDE_FILE(*crtend.o) .ctors)
 *(SORT(.ctors.*))
 *(.ctors)
                0x08003a50                . = ALIGN (0x4)

.dtors          0x08003a50        0x0
 *crtbegin.o(.dtors)
 *(EXCLUDE_FILE(*crtend.o) .dtors)
 *(SORT(.dtors.*))
 *(.dtors)
                0x08003a50                . = ALIGN (0x4)

.eh_frame       0x08003a50        0x4
 *(.eh_frame)
 .eh_frame      0x08003a50        0x0 c:/devkitpro/devkitarm/bin/../lib/gcc/arm-none-eabi/7.1.0/thumb/crtbegin.o
 .eh_frame      0x08003a50        0x4 c:/devkitpro/devkitarm/bin/../lib/gcc/arm-none-eabi/7.1.0/thumb/crtend.o
                0x08003a54                . = ALIGN (0x4)

.gcc_except_table
                0x08003a54        0x0
 *(.gcc_except_table)
                0x08003a54                . = ALIGN (0x4)
                0x08003a54                __iwram_lma = .

.iwram          0x03000000      0xfe0 load address 0x08003a54
                0x03000000                __iwram_start__ = ABSOLUTE (.)
 *(.iwram)
 .iwram         0x03000000      0x9e8 console.o
                0x03000000                clearScreen
                0x0300001c                transformModel
                0x03000044                registerModel
                0x030001c4                renderQue
 .iwram         0x030009e8      0x51c math.o
                0x030009e8                sinFix16
                0x03000a44                cosFix16
                0x03000aa4                sqrtFix16
                0x03000ba0                normalizeQuaternion
                0x03000c1c                setCurrentRotation
                0x03000d08                transformVector
                0x03000dec                transformVectors
 .iwram         0x03000f04       0xb8 c:/devkitPro/libgba/lib\libgba.a(InterruptDispatcher.o)
                0x03000f04                IntrMain
 *fill*         0x03000fbc        0x4 ff
 .iwram.__stub  0x03000fc0       0x1c linker stubs
 *iwram.*(.text)
                0x03000fdc                . = ALIGN (0x4)
                0x03000fdc                __iwram_end__ = ABSOLUTE (.)
                0x08004a34                __data_lma = (__iwram_lma + SIZEOF (.iwram))

.rel.dyn        0x03000fe0        0x0 load address 0x08004a34
 .rel.iplt      0x03000fe0        0x0 c:/devkitpro/devkitarm/bin/../lib/gcc/arm-none-eabi/7.1.0/../../../../arm-none-eabi/lib/thumb/gba_crt0.o

.bss            0x03000fe0     0x3548
                0x03000fe0                __bss_start = ABSOLUTE (.)
                0x03000fe0                __bss_start__ = ABSOLUTE (.)
 *(.dynbss)
 *(.gnu.linkonce.b*)
 *(.bss*)
 .bss.completed.6484
                0x03000fe0        0x1 c:/devkitpro/devkitarm/bin/../lib/gcc/arm-none-eabi/7.1.0/thumb/crtbegin.o
 *fill*         0x03000fe1        0x3 
 .bss.object.6489
                0x03000fe4       0x18 c:/devkitpro/devkitarm/bin/../lib/gcc/arm-none-eabi/7.1.0/thumb/crtbegin.o
 .bss           0x03000ffc        0x4 console.o
                0x03000ffc                frameCounter
 .bss.fake_heap_end
                0x03001000        0x4 c:/devkitpro/devkitarm/bin/../lib/gcc/arm-none-eabi/7.1.0/../../../../arm-none-eabi/lib/thumb\libsysbase.a(malloc_vars.o)
                0x03001000                fake_heap_end
 *(COMMON)
 COMMON         0x03001004     0x3489 console.o
                0x03001004                tempy
                0x03001008                lastFrame
                0x0300100c                xStepA
                0x03001010                lighting
                0x03001018                triCount
                0x0300101a                currentBufNum
                0x0300101c                currentTri
                0x03001020                minRow
                0x03001021                maxCollumn
                0x03001024                trique
                0x03003024                activeFrameBuffer
                0x03003025                drawColor
                0x03003028                curBuf
                0x0300302c                minCollumn
                0x0300302d                collumn
                0x0300302e                drawHolder
                0x03003030                orderQue
                0x03003430                meta
                0x03003434                frameTimes
                0x03003474                vectorBuffer
                0x03003c74                holder
                0x03003c76                useless
                0x03003c78                start
                0x03003c7c                fps
                0x03003c80                xStepB
                0x03003c84                frames
                0x03003c88                maxRow
                0x03003c8c                normalBuffer
                0x0300448c                row
 *fill*         0x0300448d        0x3 
 COMMON         0x03004490       0x20 math.o
                0x03004490                currentMatrix
 COMMON         0x030044b0       0x78 c:/devkitPro/libgba/lib\libgba.a(interrupt.o)
                0x030044b0                IntrTable
                0x03004528                . = ALIGN (0x4)
                0x03004528                __bss_end__ = ABSOLUTE (.)

.data           0x03004528        0x0 load address 0x08004a34
                0x03004528                __data_start__ = ABSOLUTE (.)
 *(.data)
 *(.data.*)
 *(.gnu.linkonce.d*)
                0x03004528                . = ALIGN (0x4)
                0x08004a34                __preinit_lma = (__data_lma + SIZEOF (.data))

.igot.plt       0x03000fe0        0x0 load address 0x08007f7c
 .igot.plt      0x03000fe0        0x0 c:/devkitpro/devkitarm/bin/../lib/gcc/arm-none-eabi/7.1.0/../../../../arm-none-eabi/lib/thumb/gba_crt0.o

.tm_clone_table
                0x03000fe0        0x0 load address 0x08007f7c
 .tm_clone_table
                0x03000fe0        0x0 c:/devkitpro/devkitarm/bin/../lib/gcc/arm-none-eabi/7.1.0/thumb/crtbegin.o
 .tm_clone_table
                0x03000fe0        0x0 c:/devkitpro/devkitarm/bin/../lib/gcc/arm-none-eabi/7.1.0/thumb/crtend.o

.preinit_array  0x03004528        0x0 load address 0x08004a34
                0x03004528                __preinit_array_start = ABSOLUTE (.)
 *(.preinit_array)
                0x03004528                __preinit_array_end = ABSOLUTE (.)
                0x08004a34                __init_lma = (__preinit_lma + SIZEOF (.preinit_array))

.init_array     0x03004528        0x4 load address 0x08004a34
                0x03004528                __init_array_start = ABSOLUTE (.)
 *(SORT(.init_array.*))
 *(.init_array)
 .init_array    0x03004528        0x4 c:/devkitpro/devkitarm/bin/../lib/gcc/arm-none-eabi/7.1.0/thumb/crtbegin.o
                0x0300452c                __init_array_end = ABSOLUTE (.)
                0x08004a38                __fini_lma = (__init_lma + SIZEOF (.init_array))

.fini_array     0x0300452c        0x4 load address 0x08004a38
                0x0300452c                __fini_array_start = ABSOLUTE (.)
 *(SORT(.fini_array.*))
 *(.fini_array)
 .fini_array    0x0300452c        0x4 c:/devkitpro/devkitarm/bin/../lib/gcc/arm-none-eabi/7.1.0/thumb/crtbegin.o
                0x03004530                __fini_array_end = ABSOLUTE (.)
                0x08004a3c                __jcr_lma = (__fini_lma + SIZEOF (.fini_array))

.jcr            0x03004530        0x0 load address 0x08004a3c
 *(.jcr)
                0x03004530                __data_end__ = ABSOLUTE (.)
                0x08004a3c                __iwram_overlay_lma = (__jcr_lma + SIZEOF (.jcr))
                0x03004530                __iwram_overlay_start = .

.iwram0         0x03004530        0x0 load address 0x08004a3c
 *(.iwram0)
                0x03004530                . = ALIGN (0x4)
                0x08004a3c                PROVIDE (__load_start_iwram0, LOADADDR (.iwram0))
                0x08004a3c                PROVIDE (__load_stop_iwram0, (LOADADDR (.iwram0) + SIZEOF (.iwram0)))

.iwram1         0x03004530        0x0
 *(.iwram1)
                0x03004530                . = ALIGN (0x4)
                [!provide]                PROVIDE (__load_start_iwram1, LOADADDR (.iwram1))
                [!provide]                PROVIDE (__load_stop_iwram1, (LOADADDR (.iwram1) + SIZEOF (.iwram1)))

.iwram2         0x03004530        0x0
 *(.iwram2)
                0x03004530                . = ALIGN (0x4)
                [!provide]                PROVIDE (__load_start_iwram2, LOADADDR (.iwram2))
                [!provide]                PROVIDE (__load_stop_iwram2, (LOADADDR (.iwram2) + SIZEOF (.iwram2)))

.iwram3         0x03004530        0x0
 *(.iwram3)
                0x03004530                . = ALIGN (0x4)
                [!provide]                PROVIDE (__load_start_iwram3, LOADADDR (.iwram3))
                [!provide]                PROVIDE (__load_stop_iwram3, (LOADADDR (.iwram3) + SIZEOF (.iwram3)))

.iwram4         0x03004530        0x0
 *(.iwram4)
                0x03004530                . = ALIGN (0x4)
                [!provide]                PROVIDE (__load_start_iwram4, LOADADDR (.iwram4))
                [!provide]                PROVIDE (__load_stop_iwram4, (LOADADDR (.iwram4) + SIZEOF (.iwram4)))

.iwram5         0x03004530        0x0
 *(.iwram5)
                0x03004530                . = ALIGN (0x4)
                [!provide]                PROVIDE (__load_start_iwram5, LOADADDR (.iwram5))
                [!provide]                PROVIDE (__load_stop_iwram5, (LOADADDR (.iwram5) + SIZEOF (.iwram5)))

.iwram6         0x03004530        0x0
 *(.iwram6)
                0x03004530                . = ALIGN (0x4)
                [!provide]                PROVIDE (__load_start_iwram6, LOADADDR (.iwram6))
                [!provide]                PROVIDE (__load_stop_iwram6, (LOADADDR (.iwram6) + SIZEOF (.iwram6)))

.iwram7         0x03004530        0x0
 *(.iwram7)
                0x03004530                . = ALIGN (0x4)
                [!provide]                PROVIDE (__load_start_iwram7, LOADADDR (.iwram7))
                [!provide]                PROVIDE (__load_stop_iwram7, (LOADADDR (.iwram7) + SIZEOF (.iwram7)))

.iwram8         0x03004530        0x0
 *(.iwram8)
                0x03004530                . = ALIGN (0x4)
                [!provide]                PROVIDE (__load_start_iwram8, LOADADDR (.iwram8))
                [!provide]                PROVIDE (__load_stop_iwram8, (LOADADDR (.iwram8) + SIZEOF (.iwram8)))

.iwram9         0x03004530        0x0
 *(.iwram9)
                0x03004530                . = ALIGN (0x4)
                [!provide]                PROVIDE (__load_start_iwram9, LOADADDR (.iwram9))
                [!provide]                PROVIDE (__load_stop_iwram9, (LOADADDR (.iwram9) + SIZEOF (.iwram9)))
                0x03004530                __iwram_overlay_end = .
                0x08004a3c                __ewram_lma = (__iwram_overlay_lma + (__iwram_overlay_end - __iwram_overlay_start))
                0x03004530                __iheap_start = .
                0x02000000                __ewram_start = ORIGIN (ewram)

.ewram          0x02000000        0x0 load address 0x08004a3c
 *(.ewram)
                0x02000000                . = ALIGN (0x4)
                0x02000000                __ewram_end = ABSOLUTE (.)
                0x08004a3c                __pad_lma = (__ewram_lma + SIZEOF (.ewram))

.sbss           0x02000000        0x0
                0x02000000                __sbss_start__ = ABSOLUTE (.)
 *(.sbss)
                0x02000000                . = ALIGN (0x4)
                0x02000000                __sbss_end__ = ABSOLUTE (.)
                0x02000000                __end__ = ABSOLUTE (.)
                0x02000000                __eheap_start = ABSOLUTE (.)

.pad            0x02000000        0x8 load address 0x08004a3c
                0x02000000        0x4 LONG 0x52416b64
                0x02000004        0x4 LONG 0x4d
                0x02000008                . = ALIGN (0x4)
                0x08004a44                __rom_end__ = (__pad_lma + SIZEOF (.pad))

.stab
 *(.stab)

.stabstr
 *(.stabstr)

.stab.excl
 *(.stab.excl)

.stab.exclstr
 *(.stab.exclstr)

.stab.index
 *(.stab.index)

.stab.indexstr
 *(.stab.indexstr)

.comment        0x00000000       0x44
 *(.comment)
 .comment       0x00000000       0x22 c:/devkitpro/devkitarm/bin/../lib/gcc/arm-none-eabi/7.1.0/thumb/crtbegin.o
                                 0x23 (size before relaxing)
 .comment       0x00000022       0x23 console.o
 .comment       0x00000022       0x23 math.o
 .comment       0x00000022       0x22 c:/devkitPro/libgba/lib\libgba.a(interrupt.o)
                                 0x23 (size before relaxing)
 .comment       0x00000044       0x23 c:/devkitpro/devkitarm/bin/../lib/gcc/arm-none-eabi/7.1.0/../../../../arm-none-eabi/lib/thumb\libg.a(lib_a-init.o)
 .comment       0x00000044       0x23 c:/devkitpro/devkitarm/bin/../lib/gcc/arm-none-eabi/7.1.0/../../../../arm-none-eabi/lib/thumb\libg.a(lib_a-memcpy-stub.o)
 .comment       0x00000044       0x23 c:/devkitpro/devkitarm/bin/../lib/gcc/arm-none-eabi/7.1.0/../../../../arm-none-eabi/lib/thumb\libg.a(lib_a-memset.o)
 .comment       0x00000044       0x23 c:/devkitpro/devkitarm/bin/../lib/gcc/arm-none-eabi/7.1.0/../../../../arm-none-eabi/lib/thumb\libsysbase.a(malloc_vars.o)
 .comment       0x00000044       0x23 c:/devkitpro/devkitarm/bin/../lib/gcc/arm-none-eabi/7.1.0/thumb/crtend.o

.debug
 *(.debug)

.line
 *(.line)

.debug_srcinfo
 *(.debug_srcinfo)

.debug_sfnames
 *(.debug_sfnames)

.debug_aranges  0x00000000       0xe0
 *(.debug_aranges)
 .debug_aranges
                0x00000000       0x48 console.o
 .debug_aranges
                0x00000048       0x58 math.o
 .debug_aranges
                0x000000a0       0x20 c:/devkitPro/libgba/lib\libgba.a(interrupt.o)
 .debug_aranges
                0x000000c0       0x20 c:/devkitPro/libgba/lib\libgba.a(InterruptDispatcher.o)

.debug_pubnames
 *(.debug_pubnames)

.debug_info     0x00000000     0x38b4
 *(.debug_info)
 .debug_info    0x00000000     0x2b8d console.o
 .debug_info    0x00002b8d      0x8e1 math.o
 .debug_info    0x0000346e      0x3a6 c:/devkitPro/libgba/lib\libgba.a(interrupt.o)
 .debug_info    0x00003814       0xa0 c:/devkitPro/libgba/lib\libgba.a(InterruptDispatcher.o)

.debug_abbrev   0x00000000      0xa3a
 *(.debug_abbrev)
 .debug_abbrev  0x00000000      0x544 console.o
 .debug_abbrev  0x00000544      0x313 math.o
 .debug_abbrev  0x00000857      0x1cf c:/devkitPro/libgba/lib\libgba.a(interrupt.o)
 .debug_abbrev  0x00000a26       0x14 c:/devkitPro/libgba/lib\libgba.a(InterruptDispatcher.o)

.debug_line     0x00000000     0x108d
 *(.debug_line)
 .debug_line    0x00000000      0x9ed console.o
 .debug_line    0x000009ed      0x40f math.o
 .debug_line    0x00000dfc      0x1ec c:/devkitPro/libgba/lib\libgba.a(interrupt.o)
 .debug_line    0x00000fe8       0xa5 c:/devkitPro/libgba/lib\libgba.a(InterruptDispatcher.o)

.debug_frame    0x00000000      0x490
 *(.debug_frame)
 .debug_frame   0x00000000      0x1f4 console.o
 .debug_frame   0x000001f4      0x1ec math.o
 .debug_frame   0x000003e0       0xb0 c:/devkitPro/libgba/lib\libgba.a(interrupt.o)

.debug_str      0x00000000      0xbbf
 *(.debug_str)
 .debug_str     0x00000000      0x9bc console.o
                                0xa54 (size before relaxing)
 .debug_str     0x000009bc       0xdb math.o
                                0x2e3 (size before relaxing)
 .debug_str     0x00000a97      0x128 c:/devkitPro/libgba/lib\libgba.a(interrupt.o)
                                0x2af (size before relaxing)

.debug_loc      0x00000000     0x5b87
 *(.debug_loc)
 .debug_loc     0x00000000     0x3c68 console.o
 .debug_loc     0x00003c68     0x1b79 math.o
 .debug_loc     0x000057e1      0x3a6 c:/devkitPro/libgba/lib\libgba.a(interrupt.o)

.debug_macinfo
 *(.debug_macinfo)

.debug_weaknames
 *(.debug_weaknames)

.debug_funcnames
 *(.debug_funcnames)

.debug_typenames
 *(.debug_typenames)

.debug_varnames
 *(.debug_varnames)

.stack          0x00080000        0x0
                0x00080000                _stack = .
 *(.stack)

.note.gnu.arm.ident
 *(.note.gnu.arm.ident)

.ARM.attributes
                0x00000000       0x2c
 *(.ARM.attributes)
 .ARM.attributes
                0x00000000       0x20 c:/devkitpro/devkitarm/bin/../lib/gcc/arm-none-eabi/7.1.0/../../../../arm-none-eabi/lib/thumb/gba_crt0.o
 .ARM.attributes
                0x00000020       0x16 c:/devkitpro/devkitarm/bin/../lib/gcc/arm-none-eabi/7.1.0/thumb/crti.o
 .ARM.attributes
                0x00000036       0x30 c:/devkitpro/devkitarm/bin/../lib/gcc/arm-none-eabi/7.1.0/thumb/crtbegin.o
 .ARM.attributes
                0x00000066       0x2c console.o
 .ARM.attributes
                0x00000092       0x2c math.o
 .ARM.attributes
                0x000000be       0x30 c:/devkitPro/libgba/lib\libgba.a(interrupt.o)
 .ARM.attributes
                0x000000ee       0x16 c:/devkitPro/libgba/lib\libgba.a(InterruptDispatcher.o)
 .ARM.attributes
                0x00000104       0x18 c:/devkitpro/devkitarm/bin/../lib/gcc/arm-none-eabi/7.1.0/thumb\libgcc.a(_udivsi3.o)
 .ARM.attributes
                0x0000011c       0x18 c:/devkitpro/devkitarm/bin/../lib/gcc/arm-none-eabi/7.1.0/thumb\libgcc.a(_divsi3.o)
 .ARM.attributes
                0x00000134       0x16 c:/devkitpro/devkitarm/bin/../lib/gcc/arm-none-eabi/7.1.0/thumb\libgcc.a(_dvmd_tls.o)
 .ARM.attributes
                0x0000014a       0x30 c:/devkitpro/devkitarm/bin/../lib/gcc/arm-none-eabi/7.1.0/../../../../arm-none-eabi/lib/thumb\libg.a(lib_a-init.o)
 .ARM.attributes
                0x0000017a       0x30 c:/devkitpro/devkitarm/bin/../lib/gcc/arm-none-eabi/7.1.0/../../../../arm-none-eabi/lib/thumb\libg.a(lib_a-memcpy-stub.o)
 .ARM.attributes
                0x000001aa       0x30 c:/devkitpro/devkitarm/bin/../lib/gcc/arm-none-eabi/7.1.0/../../../../arm-none-eabi/lib/thumb\libg.a(lib_a-memset.o)
 .ARM.attributes
                0x000001da       0x30 c:/devkitpro/devkitarm/bin/../lib/gcc/arm-none-eabi/7.1.0/../../../../arm-none-eabi/lib/thumb\libsysbase.a(malloc_vars.o)
 .ARM.attributes
                0x0000020a       0x30 c:/devkitpro/devkitarm/bin/../lib/gcc/arm-none-eabi/7.1.0/thumb/crtend.o
 .ARM.attributes
                0x0000023a       0x16 c:/devkitpro/devkitarm/bin/../lib/gcc/arm-none-eabi/7.1.0/thumb/crtn.o

/DISCARD/
 *(.note.GNU-stack)
LOAD c:/devkitpro/devkitarm/bin/../lib/gcc/arm-none-eabi/7.1.0/../../../../arm-none-eabi/lib/thumb/gba_crt0.o
LOAD c:/devkitpro/devkitarm/bin/../lib/gcc/arm-none-eabi/7.1.0/thumb/crti.o
LOAD c:/devkitpro/devkitarm/bin/../lib/gcc/arm-none-eabi/7.1.0/thumb/crtbegin.o
LOAD console.o
LOAD math.o
LOAD c:/devkitPro/libgba/lib\libgba.a
START GROUP
LOAD c:/devkitpro/devkitarm/bin/../lib/gcc/arm-none-eabi/7.1.0/thumb\libgcc.a
LOAD c:/devkitpro/devkitarm/bin/../lib/gcc/arm-none-eabi/7.1.0/../../../../arm-none-eabi/lib/thumb\libg.a
LOAD c:/devkitpro/devkitarm/bin/../lib/gcc/arm-none-eabi/7.1.0/../../../../arm-none-eabi/lib/thumb\libc.a
LOAD c:/devkitpro/devkitarm/bin/../lib/gcc/arm-none-eabi/7.1.0/../../../../arm-none-eabi/lib/thumb\libsysbase.a
END GROUP
LOAD c:/devkitpro/devkitarm/bin/../lib/gcc/arm-none-eabi/7.1.0/thumb/crtend.o
LOAD c:/devkitpro/devkitarm/bin/../lib/gcc/arm-none-eabi/7.1.0/thumb/crtn.o
OUTPUT(c:/devkitPro/3d/3d.elf elf32-littlearm)

.debug_ranges   0x00000000      0xdd8
 .debug_ranges  0x00000000      0xaf0 console.o
 .debug_ranges  0x00000af0      0x2a0 math.o
 .debug_ranges  0x00000d90       0x48 c:/devkitPro/libgba/lib\libgba.a(interrupt.o)
